// Vitest Snapshot v1, https://vitest.dev/guide/snapshot.html

exports[`Bayer 4×4 > 渐变输出快照 1`] = `
"###########.###.#.#.#.#.#.#.#...
######.#.#.#.#.#.#...#..........
#########.###.#.#.#.#.#.#.#.....
####.#.#.#.#.#.#...#............
###########.###.#.#.#.#.#.#.#...
######.#.#.#.#.#.#...#..........
#########.###.#.#.#.#.#.#.#.....
####.#.#.#.#.#.#...#............"
`;

exports[`Floyd–Steinberg > 渐变输出快照（单向） 1`] = `
"##########.##.#.#.#..#..........
######.#.##.#.#.#..#...#..#.....
#########.##.##.#.#.#.#.........
####.##.##.##.#.#.#.....#...#...
#########.##.#.#.#.#.#.#..#.....
#####.#.###.##.#.#..#...........
#########.##.#.#.#.#..#.#.......
####.##.##.#.#.#.#..#.....#....."
`;

exports[`Floyd–Steinberg > 渐变输出快照（蛇形） 1`] = `
"##########.##.#.#.#..#..........
#######.#.##.#.#.#..#..#..#.....
####.#####.##.#.#.#..#...#......
#######.#.##.##.#.#.#..#........
##########.#.#.#.#..#....#......
#####.#.#.###.#.#.#..#.#....#...
##########.#.#.#.#.#.....#......
#####.##.###.##.#.#..#.#........"
`;

exports[`固定阈值 > 渐变输出快照 1`] = `
"################................
################................
################................
################................
################................
################................
################................
################................"
`;
