// Vitest Snapshot v1, https://vitest.dev/guide/snapshot.html

exports[`Pipeline > error-diffusion 端到端量化快照 1`] = `
"##########.#....
#########.##.#..
######.#.#.#....
###########.#.#.
#######.#.#.#...
##########.#.#..
#####.###.#.#...
#######.###.#...
#########.#.#...
#########.##..#."
`;

exports[`Pipeline > ordered 端到端量化快照 1`] = `
"###########.#.#.
######.#.#.#.#..
#########.#.#.#.
####.###.#.#....
###########.#.#.
######.#.#.#.#..
#########.#.#.#.
####.###.#.#....
###########.#.#.
######.#.#.#.#.."
`;

exports[`Pipeline > threshold 端到端量化快照 1`] = `
"############....
############....
############....
############....
############....
############....
############....
############....
############....
############...."
`;
